======================================================================
  CORE EQUATION VALIDATION TESTS
======================================================================

  Test: Destruction always reduces survival

  Test: Mass destruction -> S_t < 0

  Test: Valid(Omega, A) requires non-A

  Test: Richer Omega -> higher survival

  Test: Destroying waste receivers increases Wc_t

  Test: Preserver dominates destroyer (long-term)

  Test: S_t = U_t - M_t - Wc_t

  Results: 8 passed, 0 failed
  PASS: Destruction reduces S_t in all 200 trials (violations: 0)
  PASS: S_t after total destruction = -17.3304 < 0
  PASS: Valid(Omega,A) = True with non-A present
  PASS: Valid(Omega,A) = False with no non-A
  PASS: S_t monotonically increases with |Omega|: [(5, '3.97'), (10, '9.23'), (20, '16.37'), (40, '27.21')]
  PASS: Wc increased: 0.0979 -> 0.5763
  PASS: Preserver (2694.6) > Destroyer (1980.5)
  PASS: S_t = U_t - M_t - Wc_t: 9.525336 = 10.636153 - 0.500000 - 0.610817

  ALL TESTS PASSED
  The equation's structural properties hold computationally.
